// Jest Snapshot v1, https://goo.gl/fbAQLP

exports[`SettingsScreen renders the SettingsScreen screen 1`] = `
<View
  style={
    Array [
      Object {
        "backgroundColor": "#FFF",
        "flex": 1,
        "paddingBottom": 24,
      },
    ]
  }
>
  <RCTScrollView
    automaticallyAdjustContentInsets={false}
    contentInset={
      Object {
        "bottom": 0,
      }
    }
    enableAutomaticScroll={true}
    enableOnAndroid={false}
    enableResetScrollToCoords={true}
    extraHeight={75}
    extraScrollHeight={0}
    getScrollResponder={[Function]}
    handleOnScroll={[Function]}
    keyboardDismissMode="interactive"
    keyboardOpeningTime={250}
    keyboardShouldPersistTaps="always"
    keyboardSpace={0}
    onScroll={[Function]}
    resetKeyboardSpace={[Function]}
    scrollEventThrottle={1}
    scrollForExtraHeightOnAndroid={[Function]}
    scrollIntoView={[Function]}
    scrollToEnd={[Function]}
    scrollToFocusedInput={[Function]}
    scrollToPosition={[Function]}
    showsVerticalScrollIndicator={true}
    style={
      Object {
        "flex": 1,
        "width": "100%",
      }
    }
    update={[Function]}
    viewIsInsideTabBar={false}
  >
    <View>
      <View
        style={
          Object {
            "paddingHorizontal": 24,
          }
        }
      >
        <View
          style={
            Object {
              "marginVertical": 24,
            }
          }
        >
          <Text
            style={
              Object {
                "color": "#D4AF37",
                "fontSize": 24,
                "fontWeight": "bold",
              }
            }
          >
            Your details
          </Text>
        </View>
        <View
          style={
            Array [
              Object {
                "borderBottomWidth": 0,
                "borderColor": "#D4AF37",
                "borderLeftWidth": 0,
                "borderRightWidth": 0,
                "borderTopWidth": 0.5,
              },
              null,
            ]
          }
        />
        <View
          style={
            Object {
              "padding": 24,
            }
          }
        >
          <View
            style={
              Object {
                "paddingVertical": 10,
              }
            }
          >
            <Text
              style={
                Array [
                  Object {
                    "color": "#BABABA",
                    "paddingBottom": 4,
                  },
                ]
              }
            >
              Name
            </Text>
            <Text
              style={
                Array [
                  Object {
                    "color": "#D4AF37",
                    "fontWeight": "bold",
                  },
                ]
              }
            >
              John
               
              Doe
            </Text>
          </View>
          <View
            style={
              Object {
                "paddingVertical": 10,
              }
            }
          >
            <Text
              style={
                Array [
                  Object {
                    "color": "#BABABA",
                    "paddingBottom": 4,
                  },
                ]
              }
            >
              Email
            </Text>
            <Text
              style={
                Array [
                  Object {
                    "color": "#D4AF37",
                    "fontWeight": "bold",
                  },
                ]
              }
            >
              test@test.com
            </Text>
          </View>
          <View
            style={
              Object {
                "paddingVertical": 10,
              }
            }
          >
            <Text
              style={
                Array [
                  Object {
                    "color": "#BABABA",
                    "paddingBottom": 4,
                  },
                ]
              }
            >
              App version
            </Text>
            <Text
              style={
                Array [
                  Object {
                    "color": "#D4AF37",
                    "fontWeight": "bold",
                  },
                ]
              }
            >
              
            </Text>
          </View>
          <View
            style={
              Object {
                "paddingVertical": 10,
              }
            }
          >
            <Text
              style={
                Array [
                  Object {
                    "color": "#BABABA",
                    "paddingBottom": 4,
                  },
                ]
              }
            >
              UUID
            </Text>
            <Text
              style={
                Array [
                  Object {
                    "color": "#D4AF37",
                    "fontWeight": "bold",
                  },
                ]
              }
            >
              
            </Text>
          </View>
        </View>
      </View>
      <RNGestureHandlerButton
        activeOpacity={0.105}
        collapsable={false}
        onActiveStateChange={[Function]}
        onGestureEvent={[Function]}
        onGestureHandlerEvent={[Function]}
        onGestureHandlerStateChange={[Function]}
        onHandlerStateChange={[Function]}
        onPress={[Function]}
        style={
          Array [
            Object {
              "overflow": "hidden",
            },
            Object {
              "borderColor": "#BABABA",
              "borderWidth": 0.5,
              "marginBottom": 1,
              "marginTop": -1,
              "paddingHorizontal": 15,
              "paddingVertical": 15,
            },
          ]
        }
        underlayColor="black"
      >
        <View
          style={
            Object {
              "backgroundColor": "black",
              "bottom": 0,
              "left": 0,
              "opacity": 0,
              "position": "absolute",
              "right": 0,
              "top": 0,
            }
          }
        />
        <View
          style={
            Object {
              "flexDirection": "row",
            }
          }
        >
          <View
            style={
              Object {
                "marginRight": 12,
              }
            }
          >
            <Text
              allowFontScaling={false}
              style={
                Array [
                  Object {
                    "color": "#D4AF37",
                    "fontSize": 18,
                  },
                  undefined,
                  Object {
                    "fontFamily": "Ionicons",
                    "fontStyle": "normal",
                    "fontWeight": "normal",
                  },
                  Object {},
                ]
              }
            >
              
            </Text>
          </View>
          <Text
            style={
              Object {
                "alignSelf": "flex-start",
                "fontSize": 12,
                "letterSpacing": 4,
                "marginTop": 1,
                "textTransform": "uppercase",
              }
            }
          >
            Terms & Conditions
          </Text>
        </View>
      </RNGestureHandlerButton>
      <RNGestureHandlerButton
        activeOpacity={0.105}
        collapsable={false}
        onActiveStateChange={[Function]}
        onGestureEvent={[Function]}
        onGestureHandlerEvent={[Function]}
        onGestureHandlerStateChange={[Function]}
        onHandlerStateChange={[Function]}
        onPress={[Function]}
        style={
          Array [
            Object {
              "overflow": "hidden",
            },
            Object {
              "borderColor": "#BABABA",
              "borderWidth": 0.5,
              "marginBottom": 1,
              "marginTop": -1,
              "paddingHorizontal": 15,
              "paddingVertical": 15,
            },
          ]
        }
        underlayColor="black"
      >
        <View
          style={
            Object {
              "backgroundColor": "black",
              "bottom": 0,
              "left": 0,
              "opacity": 0,
              "position": "absolute",
              "right": 0,
              "top": 0,
            }
          }
        />
        <View
          style={
            Object {
              "flexDirection": "row",
            }
          }
        >
          <View
            style={
              Object {
                "marginRight": 12,
              }
            }
          >
            <Text
              allowFontScaling={false}
              style={
                Array [
                  Object {
                    "color": "#D4AF37",
                    "fontSize": 18,
                  },
                  undefined,
                  Object {
                    "fontFamily": "Ionicons",
                    "fontStyle": "normal",
                    "fontWeight": "normal",
                  },
                  Object {},
                ]
              }
            >
              
            </Text>
          </View>
          <Text
            style={
              Object {
                "alignSelf": "flex-start",
                "fontSize": 12,
                "letterSpacing": 4,
                "marginTop": 1,
                "textTransform": "uppercase",
              }
            }
          >
            Contact
          </Text>
        </View>
      </RNGestureHandlerButton>
      <RNGestureHandlerButton
        activeOpacity={0.105}
        collapsable={false}
        onActiveStateChange={[Function]}
        onGestureEvent={[Function]}
        onGestureHandlerEvent={[Function]}
        onGestureHandlerStateChange={[Function]}
        onHandlerStateChange={[Function]}
        onPress={[Function]}
        style={
          Array [
            Object {
              "overflow": "hidden",
            },
            Object {
              "borderColor": "#BABABA",
              "borderWidth": 0.5,
              "marginBottom": 1,
              "marginTop": -1,
              "paddingHorizontal": 15,
              "paddingVertical": 15,
            },
          ]
        }
        underlayColor="black"
      >
        <View
          style={
            Object {
              "backgroundColor": "black",
              "bottom": 0,
              "left": 0,
              "opacity": 0,
              "position": "absolute",
              "right": 0,
              "top": 0,
            }
          }
        />
        <View
          style={
            Object {
              "flexDirection": "row",
            }
          }
        >
          <View
            style={
              Object {
                "marginRight": 12,
              }
            }
          >
            <Text
              allowFontScaling={false}
              style={
                Array [
                  Object {
                    "color": "#D4AF37",
                    "fontSize": 18,
                  },
                  undefined,
                  Object {
                    "fontFamily": "Ionicons",
                    "fontStyle": "normal",
                    "fontWeight": "normal",
                  },
                  Object {},
                ]
              }
            >
              
            </Text>
          </View>
          <Text
            style={
              Object {
                "alignSelf": "flex-start",
                "fontSize": 12,
                "letterSpacing": 4,
                "marginTop": 1,
                "textTransform": "uppercase",
              }
            }
          >
            Logout
          </Text>
        </View>
      </RNGestureHandlerButton>
    </View>
  </RCTScrollView>
</View>
`;
