// Jest Snapshot v1, https://goo.gl/fbAQLP

exports[`renders correctly 1`] = `
<RNGestureHandlerButton
  activeOpacity={0.105}
  collapsable={false}
  onActiveStateChange={[Function]}
  onGestureEvent={[Function]}
  onGestureHandlerEvent={[Function]}
  onGestureHandlerStateChange={[Function]}
  onHandlerStateChange={[Function]}
  onPress={[Function]}
  style={
    Array [
      Object {
        "overflow": "hidden",
      },
      Object {
        "borderColor": "#BABABA",
        "borderWidth": 0.5,
        "marginBottom": 1,
        "marginTop": -1,
        "paddingHorizontal": 15,
        "paddingVertical": 15,
      },
    ]
  }
  underlayColor="black"
>
  <View
    style={
      Object {
        "backgroundColor": "black",
        "bottom": 0,
        "left": 0,
        "opacity": 0,
        "position": "absolute",
        "right": 0,
        "top": 0,
      }
    }
  />
  <View
    style={
      Object {
        "flexDirection": "row",
      }
    }
  >
    <View
      style={
        Object {
          "marginRight": 12,
        }
      }
    >
      <Text
        allowFontScaling={false}
        style={
          Array [
            Object {
              "color": "#D4AF37",
              "fontSize": 18,
            },
            undefined,
            Object {
              "fontFamily": "Ionicons",
              "fontStyle": "normal",
              "fontWeight": "normal",
            },
            Object {},
          ]
        }
      >
        ?
      </Text>
    </View>
    <Text
      style={
        Object {
          "alignSelf": "flex-start",
          "fontSize": 12,
          "letterSpacing": 4,
          "marginTop": 1,
          "textTransform": "uppercase",
        }
      }
    >
      Google
    </Text>
  </View>
</RNGestureHandlerButton>
`;
