// Jest Snapshot v1, https://goo.gl/fbAQLP

exports[`renders correctly 1`] = `
<View
  accessible={true}
  focusable={true}
  onClick={[Function]}
  onResponderGrant={[Function]}
  onResponderMove={[Function]}
  onResponderRelease={[Function]}
  onResponderTerminate={[Function]}
  onResponderTerminationRequest={[Function]}
  onStartShouldSetResponder={[Function]}
  style={
    Object {
      "opacity": 1,
    }
  }
>
  <View
    style={
      Object {
        "alignItems": "flex-start",
        "borderColor": "#D4AF37",
        "borderRadius": 6,
        "borderWidth": 1,
        "display": "flex",
        "marginBottom": 12,
        "padding": 12,
        "width": "100%",
      }
    }
  >
    <View
      style={
        Object {
          "alignItems": "center",
          "backgroundColor": "#f7f7f7",
          "flexDirection": "row",
          "height": 150,
          "justifyContent": "center",
          "width": "100%",
        }
      }
    >
      <Text
        allowFontScaling={false}
        style={
          Array [
            Object {
              "color": undefined,
              "fontSize": 60,
            },
            Object {
              "color": "#BABABA",
            },
            Object {
              "fontFamily": "Ionicons",
              "fontStyle": "normal",
              "fontWeight": "normal",
            },
            Object {},
          ]
        }
      >
        Ôçê
      </Text>
    </View>
    <Text
      style={
        Array [
          Object {
            "color": "#D4AF37",
            "fontWeight": "bold",
            "marginTop": 12,
            "overflow": "hidden",
          },
        ]
      }
    >
      Google.com
    </Text>
    <Text
      style={
        Array [
          Object {
            "color": "#000",
            "overflow": "hidden",
            "paddingTop": 12,
          },
        ]
      }
    >
      , , 
    </Text>
  </View>
</View>
`;
