// Jest Snapshot v1, https://goo.gl/fbAQLP

exports[`renders correctly 1`] = `
<Text
  allowFontScaling={false}
  style={
    Array [
      Object {
        "color": "#2f95dc",
        "fontSize": 20,
      },
      undefined,
      Object {
        "fontFamily": "FontAwesome",
        "fontStyle": "normal",
        "fontWeight": "normal",
      },
      Object {},
    ]
  }
>
  ï‰¹
</Text>
`;
